2026-09-03 21:40:08,861 [INFO] 开始扫描: D:\Documents\try\QQNT-MarketFace-Decrypter-Windows\241788
2026-09-03 21:40:08,862 [INFO] 输出目录: D:\Documents\try\QQNT-MarketFace-Decrypter-Windows\241788\output
2026-09-03 21:40:08,919 [INFO] [恢复成功] 1169cb7f7149487a5fdcb2aaa22666ce -> 1169cb7f7149487a5fdcb2aaa22666ce.gif (静态)
2026-09-03 21:40:08,926 [INFO] [无法识别] 1169cb7f7149487a5fdcb2aaa22666ce_aio.png
2026-09-03 21:40:08,932 [INFO] [无法识别] 1169cb7f7149487a5fdcb2aaa22666ce_thu.png
2026-09-03 21:40:08,934 [INFO] [恢复成功] 11e49cd5c866a4a26822b65628f2029d -> 11e49cd5c866a4a26822b65628f2029d.gif (静态)
2026-09-03 21:40:08,941 [INFO] [无法识别] 11e49cd5c866a4a26822b65628f2029d_thu.png
2026-09-03 21:40:08,944 [INFO] [恢复成功] 2c1fdc18e1db288ca54c95f83a053710 -> 2c1fdc18e1db288ca54c95f83a053710.gif (静态)
2026-09-03 21:40:08,951 [INFO] [无法识别] 2c1fdc18e1db288ca54c95f83a053710_aio.png
2026-09-03 21:40:08,961 [INFO] [无法识别] 2c1fdc18e1db288ca54c95f83a053710_thu.png
2026-09-03 21:40:08,964 [INFO] [恢复成功] 2ffe9b38c7e26439e29deccc7e323009 -> 2ffe9b38c7e26439e29deccc7e323009.gif (静态)
2026-09-03 21:40:08,971 [INFO] [无法识别] 2ffe9b38c7e26439e29deccc7e323009_thu.png
2026-09-03 21:40:08,974 [INFO] [恢复成功] 38d4c43b52474416b8325e266df2d630 -> 38d4c43b52474416b8325e266df2d630.gif (静态)
2026-09-03 21:40:08,982 [INFO] [无法识别] 38d4c43b52474416b8325e266df2d630_aio.png
2026-09-03 21:40:08,990 [INFO] [无法识别] 38d4c43b52474416b8325e266df2d630_thu.png
2026-09-03 21:40:08,992 [INFO] [恢复成功] 416697c6aa4cf591b712b7408a4ddef5 -> 416697c6aa4cf591b712b7408a4ddef5.gif (静态)
2026-09-03 21:40:09,000 [INFO] [无法识别] 416697c6aa4cf591b712b7408a4ddef5_aio.png
2026-09-03 21:40:09,006 [INFO] [无法识别] 416697c6aa4cf591b712b7408a4ddef5_thu.png
2026-09-03 21:40:09,008 [INFO] [恢复成功] 4ce397e5fd6e050601a034c8e0ce7b5e -> 4ce397e5fd6e050601a034c8e0ce7b5e.gif (静态)
2026-09-03 21:40:09,017 [INFO] [无法识别] 4ce397e5fd6e050601a034c8e0ce7b5e_aio.png
2026-09-03 21:40:09,030 [INFO] [无法识别] 4ce397e5fd6e050601a034c8e0ce7b5e_thu.png
2026-09-03 21:40:09,034 [INFO] [恢复成功] 5d7e5a3f31844bcff3ee4fa94a6ce39a -> 5d7e5a3f31844bcff3ee4fa94a6ce39a.gif (静态)
2026-09-03 21:40:09,046 [INFO] [无法识别] 5d7e5a3f31844bcff3ee4fa94a6ce39a_aio.png
2026-09-03 21:40:09,056 [INFO] [无法识别] 5d7e5a3f31844bcff3ee4fa94a6ce39a_thu.png
2026-09-03 21:40:09,059 [INFO] [恢复成功] 64aa1faf39319ebf1a3f15eb6696089e -> 64aa1faf39319ebf1a3f15eb6696089e.gif (静态)
2026-09-03 21:40:09,069 [INFO] [无法识别] 64aa1faf39319ebf1a3f15eb6696089e_thu.png
2026-09-03 21:40:09,072 [INFO] [恢复成功] 87d0b13d53934e6f6f97f81c7d689880 -> 87d0b13d53934e6f6f97f81c7d689880.gif (静态)
2026-09-03 21:40:09,082 [INFO] [无法识别] 87d0b13d53934e6f6f97f81c7d689880_thu.png
2026-09-03 21:40:09,085 [INFO] [恢复成功] a8bc04a3199654c86fee3edcd700514d -> a8bc04a3199654c86fee3edcd700514d.gif (静态)
2026-09-03 21:40:09,092 [INFO] [无法识别] a8bc04a3199654c86fee3edcd700514d_aio.png
2026-09-03 21:40:09,098 [INFO] [无法识别] a8bc04a3199654c86fee3edcd700514d_thu.png
2026-09-03 21:40:09,100 [INFO] [恢复成功] c0b75a6435cff0b114e37c83a6eac605 -> c0b75a6435cff0b114e37c83a6eac605.gif (静态)
2026-09-03 21:40:09,109 [INFO] [无法识别] c0b75a6435cff0b114e37c83a6eac605_aio.png
2026-09-03 21:40:09,117 [INFO] [无法识别] c0b75a6435cff0b114e37c83a6eac605_thu.png
2026-09-03 21:40:09,120 [INFO] [恢复成功] c3fffe3e35c9f11e552a0e514f81059b -> c3fffe3e35c9f11e552a0e514f81059b.gif (静态)
2026-09-03 21:40:09,127 [INFO] [无法识别] c3fffe3e35c9f11e552a0e514f81059b_thu.png
2026-09-03 21:40:09,129 [INFO] [恢复成功] c42065180ceeedca599cab52cb7e3721 -> c42065180ceeedca599cab52cb7e3721.gif (静态)
2026-09-03 21:40:09,136 [INFO] [无法识别] c42065180ceeedca599cab52cb7e3721_thu.png
2026-09-03 21:40:09,142 [INFO] [无法识别] color.png
2026-09-03 21:40:09,144 [INFO] [恢复成功] d0c42d9edbaf45377ee4851d3e2ff538 -> d0c42d9edbaf45377ee4851d3e2ff538.gif (静态)
2026-09-03 21:40:09,150 [INFO] [无法识别] d0c42d9edbaf45377ee4851d3e2ff538_thu.png
2026-09-03 21:40:09,153 [INFO] [恢复成功] d5b270da5db4eede5485196ac3209d9b -> d5b270da5db4eede5485196ac3209d9b.gif (静态)
2026-09-03 21:40:09,159 [INFO] [无法识别] d5b270da5db4eede5485196ac3209d9b_aio.png
2026-09-03 21:40:09,165 [INFO] [无法识别] d5b270da5db4eede5485196ac3209d9b_thu.png
2026-09-03 21:40:09,173 [INFO] [无法识别] gray.png
2026-09-03 21:40:09,173 [INFO] 完成: Scanned: 43, Already GIF: 0, Recovered: 16, Animated: 0, Static: 16, Unknown: 27, Errors: 0
